// Jest Snapshot v1, https://goo.gl/fbAQLP

exports[`The stats table can be given a maximum length 1`] = `
"
┌──────────────────────────────────────┬─────────┐
│                                 File │ Size    │
├──────────────────────────────────────┼─────────┤
│ …foo/foo/foo/foo/foo/foo/css/app.css │ 1.00 KB │
│ …o/foo/foo/foo/foo/css/extracted.css │ 1.50 KB │
│ …o/foo/foo/foo/foo/foo/foo/js/app.js │ 1.20 KB │
│ …o/foo/foo/foo/foo/foo/foo/js/bar.js │ 1.20 KB │
└──────────────────────────────────────┴─────────┘
"
`;

exports[`The stats table renders as expected 1`] = `
"
┌────────────────────────────────────────────────────────────────────┬─────────┐
│                                                               File │ Size    │
├────────────────────────────────────────────────────────────────────┼─────────┤
│                            foo/foo/foo/foo/foo/foo/foo/css/app.css │ 1.00 KB │
│                      foo/foo/foo/foo/foo/foo/foo/css/extracted.css │ 1.50 KB │
│                              foo/foo/foo/foo/foo/foo/foo/js/app.js │ 1.20 KB │
│                              foo/foo/foo/foo/foo/foo/foo/js/bar.js │ 1.20 KB │
└────────────────────────────────────────────────────────────────────┴─────────┘
"
`;
